#-----------------------------------------------------------
# Vivado v2020.2 (64-bit)
# SW Build 3064766 on Wed Nov 18 09:12:45 MST 2020
# IP Build 3064653 on Wed Nov 18 14:17:31 MST 2020
# Start of session at: Mon Mar 10 16:08:50 2025
# Process ID: 34732
# Current directory: C:/Travail/S4InfoAtelier4
# Command line: vivado.exe -gui_launcher_event rodinguilauncherevent1960 C:\Travail\S4InfoAtelier4\s4InfoAtelier4.xpr
# Log file: C:/Travail/S4InfoAtelier4/vivado.log
# Journal file: C:/Travail/S4InfoAtelier4\vivado.jou
#-----------------------------------------------------------
start_gui
open_project C:/Travail/S4InfoAtelier4/s4InfoAtelier4.xpr
update_compile_order -fileset sources_1
file mkdir C:/Travail/S4InfoAtelier4/s4InfoAtelier4.srcs/sim_1/new
set_property SOURCE_SET sources_1 [get_filesets sim_1]
close [ open C:/Travail/S4InfoAtelier4/s4InfoAtelier4.srcs/sim_1/new/tb_color_converter.vhd w ]
add_files -fileset sim_1 C:/Travail/S4InfoAtelier4/s4InfoAtelier4.srcs/sim_1/new/tb_color_converter.vhd
update_compile_order -fileset sim_1
# Disabling source management mode.  This is to allow the top design properties to be set without GUI intervention.
set_property source_mgmt_mode None [current_project]
set_property top tb_cc [get_filesets sim_1]
set_property top_lib xil_defaultlib [get_filesets sim_1]
# Re-enabling previously disabled source management mode.
set_property source_mgmt_mode All [current_project]
update_compile_order -fileset sim_1
# Disabling source management mode.  This is to allow the top design properties to be set without GUI intervention.
set_property source_mgmt_mode None [current_project]
set_property top atelier4_wrapper [get_filesets sim_1]
set_property top_lib xil_defaultlib [get_filesets sim_1]
# Re-enabling previously disabled source management mode.
set_property source_mgmt_mode All [current_project]
update_compile_order -fileset sim_1
