#-----------------------------------------------------------
# Vivado v2020.2 (64-bit)
# SW Build 3064766 on Wed Nov 18 09:12:45 MST 2020
# IP Build 3064653 on Wed Nov 18 14:17:31 MST 2020
# Start of session at: Tue Mar 25 20:01:45 2025
# Process ID: 26960
# Current directory: C:/Travail/S4InfoAtelier4
# Command line: vivado.exe -gui_launcher_event rodinguilauncherevent30328 C:\Travail\S4InfoAtelier4\s4InfoAtelier4.xpr
# Log file: C:/Travail/S4InfoAtelier4/vivado.log
# Journal file: C:/Travail/S4InfoAtelier4\vivado.jou
#-----------------------------------------------------------
start_gui
open_project C:/Travail/S4InfoAtelier4/s4InfoAtelier4.xpr
Scanning sources...
Finished scanning sources
INFO: [IP_Flow 19-234] Refreshing IP repositories
INFO: [IP_Flow 19-1700] Loaded user IP repository 'c:/Travail/S4InfoAtelier4/s4InfoAtelier4.ipdefs/mycolorRegister_1.0'.
INFO: [IP_Flow 19-1700] Loaded user IP repository 'c:/Travail/S4InfoAtelier4/s4InfoAtelier4.ipdefs/pixelDataToVideoStream_1.0'.
INFO: [IP_Flow 19-1700] Loaded user IP repository 'c:/Travail/S4InfoAtelier4/s4InfoAtelier4.ipdefs/rgb2dvi'.
INFO: [IP_Flow 19-1700] Loaded user IP repository 'c:/Travail/S4InfoAtelier4/s4InfoAtelier4.ipdefs/tmds_v1_0'.
INFO: [IP_Flow 19-2313] Loaded Vivado IP repository 'C:/Xilinx/Vivado/2020.2/data/ip'.
WARNING: [IP_Flow 19-3664] IP 'atelier4_testPatternGen2_0_0' generated file not found 'c:/Travail/S4InfoAtelier4/s4InfoAtelier4.gen/sources_1/bd/atelier4/ip/atelier4_testPatternGen2_0_0/atelier4_testPatternGen2_0_0.dcp'. Please regenerate to continue.
WARNING: [IP_Flow 19-3664] IP 'atelier4_testPatternGen2_0_0' generated file not found 'c:/Travail/S4InfoAtelier4/s4InfoAtelier4.gen/sources_1/bd/atelier4/ip/atelier4_testPatternGen2_0_0/atelier4_testPatternGen2_0_0_stub.v'. Please regenerate to continue.
WARNING: [IP_Flow 19-3664] IP 'atelier4_testPatternGen2_0_0' generated file not found 'c:/Travail/S4InfoAtelier4/s4InfoAtelier4.gen/sources_1/bd/atelier4/ip/atelier4_testPatternGen2_0_0/atelier4_testPatternGen2_0_0_stub.vhdl'. Please regenerate to continue.
WARNING: [IP_Flow 19-3664] IP 'atelier4_testPatternGen2_0_0' generated file not found 'c:/Travail/S4InfoAtelier4/s4InfoAtelier4.gen/sources_1/bd/atelier4/ip/atelier4_testPatternGen2_0_0/atelier4_testPatternGen2_0_0_sim_netlist.v'. Please regenerate to continue.
WARNING: [IP_Flow 19-3664] IP 'atelier4_testPatternGen2_0_0' generated file not found 'c:/Travail/S4InfoAtelier4/s4InfoAtelier4.gen/sources_1/bd/atelier4/ip/atelier4_testPatternGen2_0_0/atelier4_testPatternGen2_0_0_sim_netlist.vhdl'. Please regenerate to continue.
open_project: Time (s): cpu = 00:00:06 ; elapsed = 00:00:23 . Memory (MB): peak = 1091.227 ; gain = 0.000
update_compile_order -fileset sources_1
set_property SOURCE_SET sources_1 [get_filesets sim_1]
close [ open C:/Travail/S4InfoAtelier4/s4InfoAtelier4.srcs/sim_1/new/testPatternGen_tb.vhd w ]
add_files -fileset sim_1 C:/Travail/S4InfoAtelier4/s4InfoAtelier4.srcs/sim_1/new/testPatternGen_tb.vhd
update_compile_order -fileset sim_1
set_property top testPatternGen_tb [get_filesets sim_1]
set_property top_lib xil_defaultlib [get_filesets sim_1]
update_compile_order -fileset sim_1
launch_simulation
Command: launch_simulation 
INFO: [Vivado 12-5698] Checking validity of IPs in the design for the 'XSim' simulator...
INFO: [Vivado 12-5682] Launching behavioral simulation in 'C:/Travail/S4InfoAtelier4/s4InfoAtelier4.sim/sim_1/behav/xsim'
INFO: [Vivado 12-4795] Using compiled simulation libraries for IPs
INFO: [SIM-utils-51] Simulation object is 'sim_1'
INFO: [USF-XSim-7] Finding pre-compiled libraries...
INFO: [USF-XSim-11] File 'C:/Xilinx/Vivado/2020.2/data/xsim/xsim.ini' copied to run dir:'C:/Travail/S4InfoAtelier4/s4InfoAtelier4.sim/sim_1/behav/xsim'
INFO: [SIM-utils-54] Inspecting design source files for 'testPatternGen_tb' in fileset 'sim_1'...
INFO: [SIM-utils-43] Exported 'C:/Travail/S4InfoAtelier4/s4InfoAtelier4.sim/sim_1/behav/xsim/sc_xtlm_atelier4_smartconnect_0_0.mem'
INFO: [SIM-utils-43] Exported 'C:/Travail/S4InfoAtelier4/s4InfoAtelier4.sim/sim_1/behav/xsim/sc_xtlm_atelier4_smartconnect_0_1.mem'
INFO: [SIM-utils-43] Exported 'C:/Travail/S4InfoAtelier4/s4InfoAtelier4.sim/sim_1/behav/xsim/sc_xtlm_bd_0837_smartconnect_0_0.mem'
INFO: [SIM-utils-43] Exported 'C:/Travail/S4InfoAtelier4/s4InfoAtelier4.sim/sim_1/behav/xsim/bd_0837_vsc_0_v_vcresampler_core_linebuf_c_val_V_2_rom.dat'
INFO: [SIM-utils-43] Exported 'C:/Travail/S4InfoAtelier4/s4InfoAtelier4.sim/sim_1/behav/xsim/bd_0837_hsc_0_MultiPixStream2AXIvideo_mapComp_rom.dat'
INFO: [USF-XSim-97] Finding global include files...
INFO: [USF-XSim-98] Fetching design files from 'sim_1'...
INFO: [USF-XSim-2] XSim::Compile design
INFO: [USF-XSim-61] Executing 'COMPILE and ANALYZE' step in 'C:/Travail/S4InfoAtelier4/s4InfoAtelier4.sim/sim_1/behav/xsim'
"xvlog --incr --relax -L axi_vip_v1_1_8 -L processing_system7_vip_v1_0_10 -L smartconnect_v1_0 -L xilinx_vip -prj testPatternGen_tb_vlog.prj"
"xvhdl --incr --relax -prj testPatternGen_tb_vhdl.prj"
INFO: [VRFC 10-163] Analyzing VHDL file "C:/Travail/S4InfoAtelier4/s4InfoAtelier4.srcs/sources_1/new/Tuile_Buffer.vhd" into library xil_defaultlib
INFO: [VRFC 10-3107] analyzing entity 'Tuile_Buffer'
INFO: [VRFC 10-163] Analyzing VHDL file "C:/Travail/S4InfoAtelier4/s4InfoAtelier4.srcs/sources_1/new/background_buffer.vhd" into library xil_defaultlib
INFO: [VRFC 10-3107] analyzing entity 'background_buffer'
INFO: [VRFC 10-163] Analyzing VHDL file "C:/Travail/S4InfoAtelier4/s4InfoAtelier4.srcs/sources_1/new/color_converter.vhd" into library xil_defaultlib
INFO: [VRFC 10-3107] analyzing entity 'color_Converter'
INFO: [VRFC 10-163] Analyzing VHDL file "C:/Travail/S4InfoAtelier4/s4InfoAtelier4.srcs/sources_1/imports/new/testPatternGen2.vhd" into library xil_defaultlib
INFO: [VRFC 10-3107] analyzing entity 'testPatternGen2'
INFO: [VRFC 10-163] Analyzing VHDL file "C:/Travail/S4InfoAtelier4/s4InfoAtelier4.srcs/sim_1/new/testPatternGen_tb.vhd" into library xil_defaultlib
INFO: [VRFC 10-3107] analyzing entity 'testPatternGen_tb'
INFO: [USF-XSim-69] 'compile' step finished in '2' seconds
INFO: [USF-XSim-3] XSim::Elaborate design
INFO: [USF-XSim-61] Executing 'ELABORATE' step in 'C:/Travail/S4InfoAtelier4/s4InfoAtelier4.sim/sim_1/behav/xsim'
"xelab -wto 1814c4d5952d4bc092476e99aecaed19 --incr --debug typical --relax --mt 2 -L xil_defaultlib -L xilinx_vip -L unisims_ver -L unimacro_ver -L secureip -L xpm --snapshot testPatternGen_tb_behav xil_defaultlib.testPatternGen_tb xil_defaultlib.glbl -log elaborate.log"
Vivado Simulator 2020.2
Copyright 1986-1999, 2001-2020 Xilinx, Inc. All Rights Reserved.
Running: C:/Xilinx/Vivado/2020.2/bin/unwrapped/win64.o/xelab.exe -wto 1814c4d5952d4bc092476e99aecaed19 --incr --debug typical --relax --mt 2 -L xil_defaultlib -L xilinx_vip -L unisims_ver -L unimacro_ver -L secureip -L xpm --snapshot testPatternGen_tb_behav xil_defaultlib.testPatternGen_tb xil_defaultlib.glbl -log elaborate.log 
Using 2 slave threads.
Starting static elaboration
Pass Through NonSizing Optimizer
Completed static elaboration
Starting simulation data flow analysis
Completed simulation data flow analysis
Time Resolution for simulation is 1ps
Compiling package std.standard
Compiling package std.textio
Compiling package ieee.std_logic_1164
Compiling package ieee.numeric_std
Compiling package ieee.std_logic_arith
Compiling package ieee.std_logic_unsigned
Compiling module xil_defaultlib.glbl
Compiling architecture behavioral of entity xil_defaultlib.color_Converter [color_converter_default]
Compiling architecture behavioral of entity xil_defaultlib.Tuile_Buffer [tuile_buffer_default]
Compiling architecture behavioral of entity xil_defaultlib.background_buffer [background_buffer_default]
Compiling architecture behavioral of entity xil_defaultlib.testPatternGen2 [testpatterngen2_default]
Compiling architecture behavioral of entity xil_defaultlib.testpatterngen_tb
Built simulation snapshot testPatternGen_tb_behav

****** Webtalk v2020.2 (64-bit)
  **** SW Build 3064766 on Wed Nov 18 09:12:45 MST 2020
  **** IP Build 3064653 on Wed Nov 18 14:17:31 MST 2020
    ** Copyright 1986-2020 Xilinx, Inc. All Rights Reserved.

source C:/Travail/S4InfoAtelier4/s4InfoAtelier4.sim/sim_1/behav/xsim/xsim.dir/testPatternGen_tb_behav/webtalk/xsim_webtalk.tcl -notrace
INFO: [Common 17-206] Exiting Webtalk at Tue Mar 25 20:20:39 2025...
run_program: Time (s): cpu = 00:00:00 ; elapsed = 00:00:06 . Memory (MB): peak = 1130.523 ; gain = 0.000
INFO: [USF-XSim-69] 'elaborate' step finished in '6' seconds
INFO: [USF-XSim-4] XSim::Simulate design
INFO: [USF-XSim-61] Executing 'SIMULATE' step in 'C:/Travail/S4InfoAtelier4/s4InfoAtelier4.sim/sim_1/behav/xsim'
INFO: [USF-XSim-98] *** Running xsim
   with args "testPatternGen_tb_behav -key {Behavioral:sim_1:Functional:testPatternGen_tb} -tclbatch {testPatternGen_tb.tcl} -protoinst "protoinst_files/atelier4.protoinst" -log {simulate.log}"
INFO: [USF-XSim-8] Loading simulator feature
Vivado Simulator 2020.2
INFO: [Wavedata 42-565] Reading protoinst file protoinst_files/atelier4.protoinst
WARNING: [Wavedata 42-558] Couldn't load one or more protocol instances from protoinst file protoinst_files/atelier4.protoinst for the following reason(s):
There are no instances of module "atelier4" in the design.

Time resolution is 1 ps
source testPatternGen_tb.tcl
# set curr_wave [current_wave_config]
# if { [string length $curr_wave] == 0 } {
#   if { [llength [get_objects]] > 0} {
#     add_wave /
#     set_property needs_save false [current_wave_config]
#   } else {
#      send_msg_id Add_Wave-1 WARNING "No top level signals found. Simulator will start without a wave window. If you want to open a wave window go to 'File->New Waveform Configuration' or type 'create_wave_config' in the TCL console."
#   }
# }
# run 1000ns
INFO: [USF-XSim-96] XSim completed. Design snapshot 'testPatternGen_tb_behav' loaded.
INFO: [USF-XSim-97] XSim simulation ran for 1000ns
launch_simulation: Time (s): cpu = 00:00:05 ; elapsed = 00:00:23 . Memory (MB): peak = 1159.496 ; gain = 68.270
relaunch_sim
Command: launch_simulation -simset sim_1 -mode behavioral
INFO: [Vivado 12-5698] Checking validity of IPs in the design for the 'XSim' simulator...
INFO: [Vivado 12-5682] Launching behavioral simulation in 'C:/Travail/S4InfoAtelier4/s4InfoAtelier4.sim/sim_1/behav/xsim'
INFO: [Vivado 12-4795] Using compiled simulation libraries for IPs
INFO: [SIM-utils-51] Simulation object is 'sim_1'
INFO: [USF-XSim-7] Finding pre-compiled libraries...
INFO: [USF-XSim-11] File 'C:/Xilinx/Vivado/2020.2/data/xsim/xsim.ini' copied to run dir:'C:/Travail/S4InfoAtelier4/s4InfoAtelier4.sim/sim_1/behav/xsim'
INFO: [SIM-utils-54] Inspecting design source files for 'testPatternGen_tb' in fileset 'sim_1'...
INFO: [SIM-utils-43] Exported 'C:/Travail/S4InfoAtelier4/s4InfoAtelier4.sim/sim_1/behav/xsim/sc_xtlm_atelier4_smartconnect_0_0.mem'
INFO: [SIM-utils-43] Exported 'C:/Travail/S4InfoAtelier4/s4InfoAtelier4.sim/sim_1/behav/xsim/sc_xtlm_atelier4_smartconnect_0_1.mem'
INFO: [SIM-utils-43] Exported 'C:/Travail/S4InfoAtelier4/s4InfoAtelier4.sim/sim_1/behav/xsim/sc_xtlm_bd_0837_smartconnect_0_0.mem'
INFO: [SIM-utils-43] Exported 'C:/Travail/S4InfoAtelier4/s4InfoAtelier4.sim/sim_1/behav/xsim/bd_0837_vsc_0_v_vcresampler_core_linebuf_c_val_V_2_rom.dat'
INFO: [SIM-utils-43] Exported 'C:/Travail/S4InfoAtelier4/s4InfoAtelier4.sim/sim_1/behav/xsim/bd_0837_hsc_0_MultiPixStream2AXIvideo_mapComp_rom.dat'
INFO: [USF-XSim-97] Finding global include files...
INFO: [USF-XSim-98] Fetching design files from 'sim_1'...
INFO: [USF-XSim-2] XSim::Compile design
INFO: [USF-XSim-61] Executing 'COMPILE and ANALYZE' step in 'C:/Travail/S4InfoAtelier4/s4InfoAtelier4.sim/sim_1/behav/xsim'
"xvlog --incr --relax -L axi_vip_v1_1_8 -L processing_system7_vip_v1_0_10 -L smartconnect_v1_0 -L xilinx_vip -prj testPatternGen_tb_vlog.prj"
"xvhdl --incr --relax -prj testPatternGen_tb_vhdl.prj"
INFO: [USF-XSim-69] 'compile' step finished in '3' seconds
launch_simulation: Time (s): cpu = 00:00:02 ; elapsed = 00:00:08 . Memory (MB): peak = 1164.238 ; gain = 0.000
Command: launch_simulation -simset sim_1 -mode behavioral
INFO: [Vivado 12-5698] Checking validity of IPs in the design for the 'XSim' simulator...
INFO: [Vivado 12-5682] Launching behavioral simulation in 'C:/Travail/S4InfoAtelier4/s4InfoAtelier4.sim/sim_1/behav/xsim'
INFO: [Vivado 12-4795] Using compiled simulation libraries for IPs
INFO: [USF-XSim-3] XSim::Elaborate design
INFO: [USF-XSim-61] Executing 'ELABORATE' step in 'C:/Travail/S4InfoAtelier4/s4InfoAtelier4.sim/sim_1/behav/xsim'
"xelab -wto 1814c4d5952d4bc092476e99aecaed19 --incr --debug typical --relax --mt 2 -L xil_defaultlib -L xilinx_vip -L unisims_ver -L unimacro_ver -L secureip -L xpm --snapshot testPatternGen_tb_behav xil_defaultlib.testPatternGen_tb xil_defaultlib.glbl -log elaborate.log"
Vivado Simulator 2020.2
Copyright 1986-1999, 2001-2020 Xilinx, Inc. All Rights Reserved.
Running: C:/Xilinx/Vivado/2020.2/bin/unwrapped/win64.o/xelab.exe -wto 1814c4d5952d4bc092476e99aecaed19 --incr --debug typical --relax --mt 2 -L xil_defaultlib -L xilinx_vip -L unisims_ver -L unimacro_ver -L secureip -L xpm --snapshot testPatternGen_tb_behav xil_defaultlib.testPatternGen_tb xil_defaultlib.glbl -log elaborate.log 
Using 2 slave threads.
Starting static elaboration
Pass Through NonSizing Optimizer
Completed static elaboration
INFO: [XSIM 43-4323] No Change in HDL. Linking previously generated obj files to create kernel
INFO: [USF-XSim-69] 'elaborate' step finished in '1' seconds
Vivado Simulator 2020.2
INFO: [Wavedata 42-565] Reading protoinst file protoinst_files/atelier4.protoinst
WARNING: [Wavedata 42-558] Couldn't load one or more protocol instances from protoinst file protoinst_files/atelier4.protoinst for the following reason(s):
There are no instances of module "atelier4" in the design.

Time resolution is 1 ps
relaunch_sim: Time (s): cpu = 00:00:03 ; elapsed = 00:00:15 . Memory (MB): peak = 1171.113 ; gain = 6.875
relaunch_sim
Command: launch_simulation -simset sim_1 -mode behavioral
INFO: [Vivado 12-5698] Checking validity of IPs in the design for the 'XSim' simulator...
INFO: [Vivado 12-5682] Launching behavioral simulation in 'C:/Travail/S4InfoAtelier4/s4InfoAtelier4.sim/sim_1/behav/xsim'
INFO: [Vivado 12-4795] Using compiled simulation libraries for IPs
INFO: [SIM-utils-51] Simulation object is 'sim_1'
INFO: [USF-XSim-7] Finding pre-compiled libraries...
INFO: [USF-XSim-11] File 'C:/Xilinx/Vivado/2020.2/data/xsim/xsim.ini' copied to run dir:'C:/Travail/S4InfoAtelier4/s4InfoAtelier4.sim/sim_1/behav/xsim'
INFO: [SIM-utils-54] Inspecting design source files for 'testPatternGen_tb' in fileset 'sim_1'...
INFO: [SIM-utils-43] Exported 'C:/Travail/S4InfoAtelier4/s4InfoAtelier4.sim/sim_1/behav/xsim/sc_xtlm_atelier4_smartconnect_0_0.mem'
INFO: [SIM-utils-43] Exported 'C:/Travail/S4InfoAtelier4/s4InfoAtelier4.sim/sim_1/behav/xsim/sc_xtlm_atelier4_smartconnect_0_1.mem'
INFO: [SIM-utils-43] Exported 'C:/Travail/S4InfoAtelier4/s4InfoAtelier4.sim/sim_1/behav/xsim/sc_xtlm_bd_0837_smartconnect_0_0.mem'
INFO: [SIM-utils-43] Exported 'C:/Travail/S4InfoAtelier4/s4InfoAtelier4.sim/sim_1/behav/xsim/bd_0837_vsc_0_v_vcresampler_core_linebuf_c_val_V_2_rom.dat'
INFO: [SIM-utils-43] Exported 'C:/Travail/S4InfoAtelier4/s4InfoAtelier4.sim/sim_1/behav/xsim/bd_0837_hsc_0_MultiPixStream2AXIvideo_mapComp_rom.dat'
INFO: [USF-XSim-97] Finding global include files...
INFO: [USF-XSim-98] Fetching design files from 'sim_1'...
INFO: [USF-XSim-2] XSim::Compile design
INFO: [USF-XSim-61] Executing 'COMPILE and ANALYZE' step in 'C:/Travail/S4InfoAtelier4/s4InfoAtelier4.sim/sim_1/behav/xsim'
"xvlog --incr --relax -L axi_vip_v1_1_8 -L processing_system7_vip_v1_0_10 -L smartconnect_v1_0 -L xilinx_vip -prj testPatternGen_tb_vlog.prj"
"xvhdl --incr --relax -prj testPatternGen_tb_vhdl.prj"
INFO: [VRFC 10-163] Analyzing VHDL file "C:/Travail/S4InfoAtelier4/s4InfoAtelier4.srcs/sim_1/new/testPatternGen_tb.vhd" into library xil_defaultlib
INFO: [VRFC 10-3107] analyzing entity 'testPatternGen_tb'
INFO: [USF-XSim-69] 'compile' step finished in '2' seconds
launch_simulation: Time (s): cpu = 00:00:02 ; elapsed = 00:00:07 . Memory (MB): peak = 1189.469 ; gain = 0.000
Command: launch_simulation -simset sim_1 -mode behavioral
INFO: [Vivado 12-5698] Checking validity of IPs in the design for the 'XSim' simulator...
INFO: [Vivado 12-5682] Launching behavioral simulation in 'C:/Travail/S4InfoAtelier4/s4InfoAtelier4.sim/sim_1/behav/xsim'
INFO: [Vivado 12-4795] Using compiled simulation libraries for IPs
INFO: [USF-XSim-3] XSim::Elaborate design
INFO: [USF-XSim-61] Executing 'ELABORATE' step in 'C:/Travail/S4InfoAtelier4/s4InfoAtelier4.sim/sim_1/behav/xsim'
"xelab -wto 1814c4d5952d4bc092476e99aecaed19 --incr --debug typical --relax --mt 2 -L xil_defaultlib -L xilinx_vip -L unisims_ver -L unimacro_ver -L secureip -L xpm --snapshot testPatternGen_tb_behav xil_defaultlib.testPatternGen_tb xil_defaultlib.glbl -log elaborate.log"
Vivado Simulator 2020.2
Copyright 1986-1999, 2001-2020 Xilinx, Inc. All Rights Reserved.
Running: C:/Xilinx/Vivado/2020.2/bin/unwrapped/win64.o/xelab.exe -wto 1814c4d5952d4bc092476e99aecaed19 --incr --debug typical --relax --mt 2 -L xil_defaultlib -L xilinx_vip -L unisims_ver -L unimacro_ver -L secureip -L xpm --snapshot testPatternGen_tb_behav xil_defaultlib.testPatternGen_tb xil_defaultlib.glbl -log elaborate.log 
Using 2 slave threads.
Starting static elaboration
Pass Through NonSizing Optimizer
Completed static elaboration
Starting simulation data flow analysis
Completed simulation data flow analysis
Time Resolution for simulation is 1ps
Compiling package std.standard
Compiling package std.textio
Compiling package ieee.std_logic_1164
Compiling package ieee.numeric_std
Compiling package ieee.std_logic_arith
Compiling package ieee.std_logic_unsigned
Compiling module xil_defaultlib.glbl
Compiling architecture behavioral of entity xil_defaultlib.color_Converter [color_converter_default]
Compiling architecture behavioral of entity xil_defaultlib.Tuile_Buffer [tuile_buffer_default]
Compiling architecture behavioral of entity xil_defaultlib.background_buffer [background_buffer_default]
Compiling architecture behavioral of entity xil_defaultlib.testPatternGen2 [testpatterngen2_default]
Compiling architecture behavioral of entity xil_defaultlib.testpatterngen_tb
Built simulation snapshot testPatternGen_tb_behav
INFO: [USF-XSim-69] 'elaborate' step finished in '1' seconds
Vivado Simulator 2020.2
INFO: [Wavedata 42-565] Reading protoinst file protoinst_files/atelier4.protoinst
WARNING: [Wavedata 42-558] Couldn't load one or more protocol instances from protoinst file protoinst_files/atelier4.protoinst for the following reason(s):
There are no instances of module "atelier4" in the design.

Time resolution is 1 ps
relaunch_sim: Time (s): cpu = 00:00:03 ; elapsed = 00:00:13 . Memory (MB): peak = 1196.664 ; gain = 7.195
relaunch_sim
Command: launch_simulation -simset sim_1 -mode behavioral
INFO: [Vivado 12-5698] Checking validity of IPs in the design for the 'XSim' simulator...
INFO: [Vivado 12-5682] Launching behavioral simulation in 'C:/Travail/S4InfoAtelier4/s4InfoAtelier4.sim/sim_1/behav/xsim'
INFO: [Vivado 12-4795] Using compiled simulation libraries for IPs
INFO: [SIM-utils-51] Simulation object is 'sim_1'
INFO: [USF-XSim-7] Finding pre-compiled libraries...
INFO: [USF-XSim-11] File 'C:/Xilinx/Vivado/2020.2/data/xsim/xsim.ini' copied to run dir:'C:/Travail/S4InfoAtelier4/s4InfoAtelier4.sim/sim_1/behav/xsim'
INFO: [SIM-utils-54] Inspecting design source files for 'testPatternGen_tb' in fileset 'sim_1'...
INFO: [SIM-utils-43] Exported 'C:/Travail/S4InfoAtelier4/s4InfoAtelier4.sim/sim_1/behav/xsim/sc_xtlm_atelier4_smartconnect_0_0.mem'
INFO: [SIM-utils-43] Exported 'C:/Travail/S4InfoAtelier4/s4InfoAtelier4.sim/sim_1/behav/xsim/sc_xtlm_atelier4_smartconnect_0_1.mem'
INFO: [SIM-utils-43] Exported 'C:/Travail/S4InfoAtelier4/s4InfoAtelier4.sim/sim_1/behav/xsim/sc_xtlm_bd_0837_smartconnect_0_0.mem'
INFO: [SIM-utils-43] Exported 'C:/Travail/S4InfoAtelier4/s4InfoAtelier4.sim/sim_1/behav/xsim/bd_0837_vsc_0_v_vcresampler_core_linebuf_c_val_V_2_rom.dat'
INFO: [SIM-utils-43] Exported 'C:/Travail/S4InfoAtelier4/s4InfoAtelier4.sim/sim_1/behav/xsim/bd_0837_hsc_0_MultiPixStream2AXIvideo_mapComp_rom.dat'
INFO: [USF-XSim-97] Finding global include files...
INFO: [USF-XSim-98] Fetching design files from 'sim_1'...
INFO: [USF-XSim-2] XSim::Compile design
INFO: [USF-XSim-61] Executing 'COMPILE and ANALYZE' step in 'C:/Travail/S4InfoAtelier4/s4InfoAtelier4.sim/sim_1/behav/xsim'
"xvlog --incr --relax -L axi_vip_v1_1_8 -L processing_system7_vip_v1_0_10 -L smartconnect_v1_0 -L xilinx_vip -prj testPatternGen_tb_vlog.prj"
"xvhdl --incr --relax -prj testPatternGen_tb_vhdl.prj"
INFO: [USF-XSim-69] 'compile' step finished in '2' seconds
launch_simulation: Time (s): cpu = 00:00:01 ; elapsed = 00:00:08 . Memory (MB): peak = 1208.426 ; gain = 9.367
Command: launch_simulation -simset sim_1 -mode behavioral
INFO: [Vivado 12-5698] Checking validity of IPs in the design for the 'XSim' simulator...
INFO: [Vivado 12-5682] Launching behavioral simulation in 'C:/Travail/S4InfoAtelier4/s4InfoAtelier4.sim/sim_1/behav/xsim'
INFO: [Vivado 12-4795] Using compiled simulation libraries for IPs
INFO: [USF-XSim-3] XSim::Elaborate design
INFO: [USF-XSim-61] Executing 'ELABORATE' step in 'C:/Travail/S4InfoAtelier4/s4InfoAtelier4.sim/sim_1/behav/xsim'
"xelab -wto 1814c4d5952d4bc092476e99aecaed19 --incr --debug typical --relax --mt 2 -L xil_defaultlib -L xilinx_vip -L unisims_ver -L unimacro_ver -L secureip -L xpm --snapshot testPatternGen_tb_behav xil_defaultlib.testPatternGen_tb xil_defaultlib.glbl -log elaborate.log"
Vivado Simulator 2020.2
Copyright 1986-1999, 2001-2020 Xilinx, Inc. All Rights Reserved.
Running: C:/Xilinx/Vivado/2020.2/bin/unwrapped/win64.o/xelab.exe -wto 1814c4d5952d4bc092476e99aecaed19 --incr --debug typical --relax --mt 2 -L xil_defaultlib -L xilinx_vip -L unisims_ver -L unimacro_ver -L secureip -L xpm --snapshot testPatternGen_tb_behav xil_defaultlib.testPatternGen_tb xil_defaultlib.glbl -log elaborate.log 
Using 2 slave threads.
Starting static elaboration
Pass Through NonSizing Optimizer
Completed static elaboration
INFO: [XSIM 43-4323] No Change in HDL. Linking previously generated obj files to create kernel
INFO: [USF-XSim-69] 'elaborate' step finished in '2' seconds
Vivado Simulator 2020.2
INFO: [Wavedata 42-565] Reading protoinst file protoinst_files/atelier4.protoinst
WARNING: [Wavedata 42-558] Couldn't load one or more protocol instances from protoinst file protoinst_files/atelier4.protoinst for the following reason(s):
There are no instances of module "atelier4" in the design.

Time resolution is 1 ps
relaunch_sim: Time (s): cpu = 00:00:03 ; elapsed = 00:00:13 . Memory (MB): peak = 1208.426 ; gain = 11.707
relaunch_sim
Command: launch_simulation -simset sim_1 -mode behavioral
INFO: [Vivado 12-5698] Checking validity of IPs in the design for the 'XSim' simulator...
INFO: [Vivado 12-5682] Launching behavioral simulation in 'C:/Travail/S4InfoAtelier4/s4InfoAtelier4.sim/sim_1/behav/xsim'
INFO: [Vivado 12-4795] Using compiled simulation libraries for IPs
INFO: [SIM-utils-51] Simulation object is 'sim_1'
INFO: [USF-XSim-7] Finding pre-compiled libraries...
INFO: [USF-XSim-11] File 'C:/Xilinx/Vivado/2020.2/data/xsim/xsim.ini' copied to run dir:'C:/Travail/S4InfoAtelier4/s4InfoAtelier4.sim/sim_1/behav/xsim'
INFO: [SIM-utils-54] Inspecting design source files for 'testPatternGen_tb' in fileset 'sim_1'...
INFO: [SIM-utils-43] Exported 'C:/Travail/S4InfoAtelier4/s4InfoAtelier4.sim/sim_1/behav/xsim/sc_xtlm_atelier4_smartconnect_0_0.mem'
INFO: [SIM-utils-43] Exported 'C:/Travail/S4InfoAtelier4/s4InfoAtelier4.sim/sim_1/behav/xsim/sc_xtlm_atelier4_smartconnect_0_1.mem'
INFO: [SIM-utils-43] Exported 'C:/Travail/S4InfoAtelier4/s4InfoAtelier4.sim/sim_1/behav/xsim/sc_xtlm_bd_0837_smartconnect_0_0.mem'
INFO: [SIM-utils-43] Exported 'C:/Travail/S4InfoAtelier4/s4InfoAtelier4.sim/sim_1/behav/xsim/bd_0837_vsc_0_v_vcresampler_core_linebuf_c_val_V_2_rom.dat'
INFO: [SIM-utils-43] Exported 'C:/Travail/S4InfoAtelier4/s4InfoAtelier4.sim/sim_1/behav/xsim/bd_0837_hsc_0_MultiPixStream2AXIvideo_mapComp_rom.dat'
INFO: [USF-XSim-97] Finding global include files...
INFO: [USF-XSim-98] Fetching design files from 'sim_1'...
INFO: [USF-XSim-2] XSim::Compile design
INFO: [USF-XSim-61] Executing 'COMPILE and ANALYZE' step in 'C:/Travail/S4InfoAtelier4/s4InfoAtelier4.sim/sim_1/behav/xsim'
"xvlog --incr --relax -L axi_vip_v1_1_8 -L processing_system7_vip_v1_0_10 -L smartconnect_v1_0 -L xilinx_vip -prj testPatternGen_tb_vlog.prj"
"xvhdl --incr --relax -prj testPatternGen_tb_vhdl.prj"
INFO: [VRFC 10-163] Analyzing VHDL file "C:/Travail/S4InfoAtelier4/s4InfoAtelier4.srcs/sources_1/new/Tuile_Buffer.vhd" into library xil_defaultlib
INFO: [VRFC 10-3107] analyzing entity 'Tuile_Buffer'
INFO: [USF-XSim-69] 'compile' step finished in '2' seconds
launch_simulation: Time (s): cpu = 00:00:02 ; elapsed = 00:00:06 . Memory (MB): peak = 1212.898 ; gain = 0.000
Command: launch_simulation -simset sim_1 -mode behavioral
INFO: [Vivado 12-5698] Checking validity of IPs in the design for the 'XSim' simulator...
INFO: [Vivado 12-5682] Launching behavioral simulation in 'C:/Travail/S4InfoAtelier4/s4InfoAtelier4.sim/sim_1/behav/xsim'
INFO: [Vivado 12-4795] Using compiled simulation libraries for IPs
INFO: [USF-XSim-3] XSim::Elaborate design
INFO: [USF-XSim-61] Executing 'ELABORATE' step in 'C:/Travail/S4InfoAtelier4/s4InfoAtelier4.sim/sim_1/behav/xsim'
"xelab -wto 1814c4d5952d4bc092476e99aecaed19 --incr --debug typical --relax --mt 2 -L xil_defaultlib -L xilinx_vip -L unisims_ver -L unimacro_ver -L secureip -L xpm --snapshot testPatternGen_tb_behav xil_defaultlib.testPatternGen_tb xil_defaultlib.glbl -log elaborate.log"
Vivado Simulator 2020.2
Copyright 1986-1999, 2001-2020 Xilinx, Inc. All Rights Reserved.
Running: C:/Xilinx/Vivado/2020.2/bin/unwrapped/win64.o/xelab.exe -wto 1814c4d5952d4bc092476e99aecaed19 --incr --debug typical --relax --mt 2 -L xil_defaultlib -L xilinx_vip -L unisims_ver -L unimacro_ver -L secureip -L xpm --snapshot testPatternGen_tb_behav xil_defaultlib.testPatternGen_tb xil_defaultlib.glbl -log elaborate.log 
Using 2 slave threads.
Starting static elaboration
Pass Through NonSizing Optimizer
Completed static elaboration
Starting simulation data flow analysis
Completed simulation data flow analysis
Time Resolution for simulation is 1ps
Compiling package std.standard
Compiling package std.textio
Compiling package ieee.std_logic_1164
Compiling package ieee.numeric_std
Compiling package ieee.std_logic_arith
Compiling package ieee.std_logic_unsigned
Compiling module xil_defaultlib.glbl
Compiling architecture behavioral of entity xil_defaultlib.color_Converter [color_converter_default]
Compiling architecture behavioral of entity xil_defaultlib.Tuile_Buffer [tuile_buffer_default]
Compiling architecture behavioral of entity xil_defaultlib.background_buffer [background_buffer_default]
Compiling architecture behavioral of entity xil_defaultlib.testPatternGen2 [testpatterngen2_default]
Compiling architecture behavioral of entity xil_defaultlib.testpatterngen_tb
Built simulation snapshot testPatternGen_tb_behav
INFO: [USF-XSim-69] 'elaborate' step finished in '1' seconds
Vivado Simulator 2020.2
INFO: [Wavedata 42-565] Reading protoinst file protoinst_files/atelier4.protoinst
WARNING: [Wavedata 42-558] Couldn't load one or more protocol instances from protoinst file protoinst_files/atelier4.protoinst for the following reason(s):
There are no instances of module "atelier4" in the design.

Time resolution is 1 ps
relaunch_sim: Time (s): cpu = 00:00:04 ; elapsed = 00:00:12 . Memory (MB): peak = 1220.504 ; gain = 7.605
relaunch_sim
Command: launch_simulation -simset sim_1 -mode behavioral
INFO: [Vivado 12-5698] Checking validity of IPs in the design for the 'XSim' simulator...
INFO: [Vivado 12-5682] Launching behavioral simulation in 'C:/Travail/S4InfoAtelier4/s4InfoAtelier4.sim/sim_1/behav/xsim'
INFO: [Vivado 12-4795] Using compiled simulation libraries for IPs
INFO: [SIM-utils-51] Simulation object is 'sim_1'
INFO: [USF-XSim-7] Finding pre-compiled libraries...
INFO: [USF-XSim-11] File 'C:/Xilinx/Vivado/2020.2/data/xsim/xsim.ini' copied to run dir:'C:/Travail/S4InfoAtelier4/s4InfoAtelier4.sim/sim_1/behav/xsim'
INFO: [SIM-utils-54] Inspecting design source files for 'testPatternGen_tb' in fileset 'sim_1'...
INFO: [SIM-utils-43] Exported 'C:/Travail/S4InfoAtelier4/s4InfoAtelier4.sim/sim_1/behav/xsim/sc_xtlm_atelier4_smartconnect_0_0.mem'
INFO: [SIM-utils-43] Exported 'C:/Travail/S4InfoAtelier4/s4InfoAtelier4.sim/sim_1/behav/xsim/sc_xtlm_atelier4_smartconnect_0_1.mem'
INFO: [SIM-utils-43] Exported 'C:/Travail/S4InfoAtelier4/s4InfoAtelier4.sim/sim_1/behav/xsim/sc_xtlm_bd_0837_smartconnect_0_0.mem'
INFO: [SIM-utils-43] Exported 'C:/Travail/S4InfoAtelier4/s4InfoAtelier4.sim/sim_1/behav/xsim/bd_0837_vsc_0_v_vcresampler_core_linebuf_c_val_V_2_rom.dat'
INFO: [SIM-utils-43] Exported 'C:/Travail/S4InfoAtelier4/s4InfoAtelier4.sim/sim_1/behav/xsim/bd_0837_hsc_0_MultiPixStream2AXIvideo_mapComp_rom.dat'
INFO: [USF-XSim-97] Finding global include files...
INFO: [USF-XSim-98] Fetching design files from 'sim_1'...
INFO: [USF-XSim-2] XSim::Compile design
INFO: [USF-XSim-61] Executing 'COMPILE and ANALYZE' step in 'C:/Travail/S4InfoAtelier4/s4InfoAtelier4.sim/sim_1/behav/xsim'
"xvlog --incr --relax -L axi_vip_v1_1_8 -L processing_system7_vip_v1_0_10 -L smartconnect_v1_0 -L xilinx_vip -prj testPatternGen_tb_vlog.prj"
"xvhdl --incr --relax -prj testPatternGen_tb_vhdl.prj"
INFO: [VRFC 10-163] Analyzing VHDL file "C:/Travail/S4InfoAtelier4/s4InfoAtelier4.srcs/sources_1/new/Tuile_Buffer.vhd" into library xil_defaultlib
INFO: [VRFC 10-3107] analyzing entity 'Tuile_Buffer'
INFO: [USF-XSim-69] 'compile' step finished in '4' seconds
launch_simulation: Time (s): cpu = 00:00:02 ; elapsed = 00:00:09 . Memory (MB): peak = 1220.504 ; gain = 0.000
Command: launch_simulation -simset sim_1 -mode behavioral
INFO: [Vivado 12-5698] Checking validity of IPs in the design for the 'XSim' simulator...
INFO: [Vivado 12-5682] Launching behavioral simulation in 'C:/Travail/S4InfoAtelier4/s4InfoAtelier4.sim/sim_1/behav/xsim'
INFO: [Vivado 12-4795] Using compiled simulation libraries for IPs
INFO: [USF-XSim-3] XSim::Elaborate design
INFO: [USF-XSim-61] Executing 'ELABORATE' step in 'C:/Travail/S4InfoAtelier4/s4InfoAtelier4.sim/sim_1/behav/xsim'
"xelab -wto 1814c4d5952d4bc092476e99aecaed19 --incr --debug typical --relax --mt 2 -L xil_defaultlib -L xilinx_vip -L unisims_ver -L unimacro_ver -L secureip -L xpm --snapshot testPatternGen_tb_behav xil_defaultlib.testPatternGen_tb xil_defaultlib.glbl -log elaborate.log"
Vivado Simulator 2020.2
Copyright 1986-1999, 2001-2020 Xilinx, Inc. All Rights Reserved.
Running: C:/Xilinx/Vivado/2020.2/bin/unwrapped/win64.o/xelab.exe -wto 1814c4d5952d4bc092476e99aecaed19 --incr --debug typical --relax --mt 2 -L xil_defaultlib -L xilinx_vip -L unisims_ver -L unimacro_ver -L secureip -L xpm --snapshot testPatternGen_tb_behav xil_defaultlib.testPatternGen_tb xil_defaultlib.glbl -log elaborate.log 
Using 2 slave threads.
Starting static elaboration
Pass Through NonSizing Optimizer
Completed static elaboration
Starting simulation data flow analysis
Completed simulation data flow analysis
Time Resolution for simulation is 1ps
Compiling package std.standard
Compiling package std.textio
Compiling package ieee.std_logic_1164
Compiling package ieee.numeric_std
Compiling package ieee.std_logic_arith
Compiling package ieee.std_logic_unsigned
Compiling module xil_defaultlib.glbl
Compiling architecture behavioral of entity xil_defaultlib.color_Converter [color_converter_default]
Compiling architecture behavioral of entity xil_defaultlib.Tuile_Buffer [tuile_buffer_default]
Compiling architecture behavioral of entity xil_defaultlib.background_buffer [background_buffer_default]
Compiling architecture behavioral of entity xil_defaultlib.testPatternGen2 [testpatterngen2_default]
Compiling architecture behavioral of entity xil_defaultlib.testpatterngen_tb
Built simulation snapshot testPatternGen_tb_behav
INFO: [USF-XSim-69] 'elaborate' step finished in '4' seconds
launch_simulation: Time (s): cpu = 00:00:01 ; elapsed = 00:00:05 . Memory (MB): peak = 1220.504 ; gain = 0.000
Vivado Simulator 2020.2
INFO: [Wavedata 42-565] Reading protoinst file protoinst_files/atelier4.protoinst
WARNING: [Wavedata 42-558] Couldn't load one or more protocol instances from protoinst file protoinst_files/atelier4.protoinst for the following reason(s):
There are no instances of module "atelier4" in the design.

Time resolution is 1 ps
relaunch_sim: Time (s): cpu = 00:00:03 ; elapsed = 00:00:17 . Memory (MB): peak = 1234.961 ; gain = 14.457
close_sim
INFO: [Simtcl 6-16] Simulation closed
exit
INFO: [Common 17-206] Exiting Vivado at Tue Mar 25 20:44:11 2025...
