09:28:34 **** Build of configuration Debug for project project ****
make all 
make --no-print-directory pre-build
a9-linaro-pre-build-step
' '
make --no-print-directory main-build
'Building file: ../src/api.c'
'Invoking: ARM v7 gcc compiler'
arm-none-eabi-gcc -Wall -O0 -g3 -c -fmessage-length=0 -MT"src/api.o" -mcpu=cortex-a9 -mfpu=vfpv3 -mfloat-abi=hard -IC:/Travail/S4InfoAtelier4/atelier4_wrapper/export/atelier4_wrapper/sw/atelier4_wrapper/standalone_ps7_cortexa9_0/bspinclude/include -MMD -MP -MF"src/api.d" -MT"src/api.o" -o "src/api.o" "../src/api.c"
../src/api.c: In function 'apiMoveViewPort':
../src/api.c:14:5: warning: implicit declaration of function 'Xil_Out32' [-Wimplicit-function-declaration]
   14 |     Xil_Out32(0x00, instruction);
      |     ^~~~~~~~~
../src/api.c: At top level:
../src/api.c:30:6: error: conflicting types for 'apiSetBackgroundBuffer'
   30 | void apiSetBackgroundBuffer(char tuileID, char posX, char posY ) {//oooo ooii iixx xxxx yyyy yy00 0000 0000
      |      ^~~~~~~~~~~~~~~~~~~~~~
../src/api.c:30:1: note: an argument type that has a default promotion can't match an empty parameter name list declaration
   30 | void apiSetBackgroundBuffer(char tuileID, char posX, char posY ) {//oooo ooii iixx xxxx yyyy yy00 0000 0000
      | ^~~~
In file included from ../src/api.c:4:
../src/api.h:6:6: note: previous declaration of 'apiSetBackgroundBuffer' was here
    6 | void apiSetBackgroundBuffer();
      |      ^~~~~~~~~~~~~~~~~~~~~~
../src/api.c:48:6: error: conflicting types for 'apiSetActorPosition'
   48 | void apiSetActorPosition(char actorID, int positionX, int positionY) { //oooo ooii iixx xxxx xxxx yyyy yyyy yy00
      |      ^~~~~~~~~~~~~~~~~~~
../src/api.c:48:1: note: an argument type that has a default promotion can't match an empty parameter name list declaration
   48 | void apiSetActorPosition(char actorID, int positionX, int positionY) { //oooo ooii iixx xxxx xxxx yyyy yyyy yy00
      | ^~~~
In file included from ../src/api.c:4:
../src/api.h:8:6: note: previous declaration of 'apiSetActorPosition' was here
    8 | void apiSetActorPosition();
      |      ^~~~~~~~~~~~~~~~~~~
make[1]: *** [src/subdir.mk:32: src/api.o] Error 1
make: *** [makefile:34: all] Error 2

09:28:34 Build Finished (took 481ms)

